[ +825 ms] Artifact Instance of 'MaterialFonts' is not required, skipping update.
[   +1 ms] Artifact Instance of 'GradleWrapper' is not required, skipping update.
[        ] Artifact Instance of 'AndroidGenSnapshotArtifacts' is not required, skipping update.
[        ] Artifact Instance of 'AndroidInternalBuildArtifacts' is not required, skipping update.
[  +53 ms] Artifact Instance of 'IOSEngineArtifacts' is not required, skipping update.
[        ] Artifact Instance of 'FlutterWebSdk' is not required, skipping update.
[   +2 ms] Artifact Instance of 'LegacyCanvasKitRemover' is not required, skipping update.
[        ] Artifact Instance of 'FlutterSdk' is not required, skipping update.
[        ] Artifact Instance of 'WindowsEngineArtifacts' is not required, skipping update.
[        ] Artifact Instance of 'MacOSEngineArtifacts' is not required, skipping update.
[        ] Artifact Instance of 'LinuxEngineArtifacts' is not required, skipping update.
[        ] Artifact Instance of 'LinuxFuchsiaSDKArtifacts' is not required, skipping update.
[        ] Artifact Instance of 'MacOSFuchsiaSDKArtifacts' is not required, skipping update.
[        ] Artifact Instance of 'FlutterRunnerSDKArtifacts' is not required, skipping update.
[        ] Artifact Instance of 'FlutterRunnerDebugSymbols' is not required, skipping update.
[        ] Artifact Instance of 'IosUsbArtifacts' is not required, skipping update.
[        ] Artifact Instance of 'IosUsbArtifacts' is not required, skipping update.
[        ] Artifact Instance of 'IosUsbArtifacts' is not required, skipping update.
[        ] Artifact Instance of 'IosUsbArtifacts' is not required, skipping update.
[        ] Artifact Instance of 'IosUsbArtifacts' is not required, skipping update.
[        ] Artifact Instance of 'IosUsbArtifacts' is not required, skipping update.
[        ] Artifact Instance of 'FontSubsetArtifacts' is not required, skipping update.
[        ] Artifact Instance of 'PubDependencies' is not required, skipping update.
[   +1 ms] executing: [F:\develop\flutter/] git -c log.showSignature=false log HEAD -n 1 --pretty=format:%ad --date=iso
[ +399 ms] Exit code 0 from: git -c log.showSignature=false log HEAD -n 1 --pretty=format:%ad --date=iso
[        ] 2026-07-08 15:02:06 -0700
[  +36 ms] Artifact Instance of 'AndroidGenSnapshotArtifacts' is not required, skipping update.
[        ] Artifact Instance of 'AndroidInternalBuildArtifacts' is not required, skipping update.
[        ] Artifact Instance of 'IOSEngineArtifacts' is not required, skipping update.
[        ] Artifact Instance of 'FlutterWebSdk' is not required, skipping update.
[        ] Artifact Instance of 'FlutterEngineStamp' is not required, skipping update.
[        ] Artifact Instance of 'LegacyCanvasKitRemover' is not required, skipping update.
[   +6 ms] Artifact Instance of 'WindowsEngineArtifacts' is not required, skipping update.
[        ] Artifact Instance of 'MacOSEngineArtifacts' is not required, skipping update.
[   +7 ms] Artifact Instance of 'LinuxEngineArtifacts' is not required, skipping update.
[   +1 ms] Artifact Instance of 'LinuxFuchsiaSDKArtifacts' is not required, skipping update.
[        ] Artifact Instance of 'MacOSFuchsiaSDKArtifacts' is not required, skipping update.
[   +2 ms] Artifact Instance of 'FlutterRunnerSDKArtifacts' is not required, skipping update.
[        ] Artifact Instance of 'FlutterRunnerDebugSymbols' is not required, skipping update.
[ +328 ms] Artifact Instance of 'MaterialFonts' is not required, skipping update.
[        ] Artifact Instance of 'GradleWrapper' is not required, skipping update.
[  +57 ms] Artifact Instance of 'AndroidInternalBuildArtifacts' is not required, skipping update.
[        ] Artifact Instance of 'IOSEngineArtifacts' is not required, skipping update.
[        ] Artifact Instance of 'FlutterWebSdk' is not required, skipping update.
[        ] Artifact Instance of 'FlutterEngineStamp' is not required, skipping update.
[        ] Artifact Instance of 'LegacyCanvasKitRemover' is not required, skipping update.
[        ] Artifact Instance of 'FlutterSdk' is not required, skipping update.
[        ] Artifact Instance of 'WindowsEngineArtifacts' is not required, skipping update.
[        ] Artifact Instance of 'MacOSEngineArtifacts' is not required, skipping update.
[        ] Artifact Instance of 'LinuxEngineArtifacts' is not required, skipping update.
[        ] Artifact Instance of 'LinuxFuchsiaSDKArtifacts' is not required, skipping update.
[        ] Artifact Instance of 'MacOSFuchsiaSDKArtifacts' is not required, skipping update.
[        ] Artifact Instance of 'FlutterRunnerSDKArtifacts' is not required, skipping update.
[        ] Artifact Instance of 'FlutterRunnerDebugSymbols' is not required, skipping update.
[        ] Artifact Instance of 'IosUsbArtifacts' is not required, skipping update.
[        ] Artifact Instance of 'IosUsbArtifacts' is not required, skipping update.
[        ] Artifact Instance of 'IosUsbArtifacts' is not required, skipping update.
[        ] Artifact Instance of 'IosUsbArtifacts' is not required, skipping update.
[        ] Artifact Instance of 'IosUsbArtifacts' is not required, skipping update.
[        ] Artifact Instance of 'IosUsbArtifacts' is not required, skipping update.
[        ] Artifact Instance of 'FontSubsetArtifacts' is not required, skipping update.
[        ] Artifact Instance of 'PubDependencies' is not required, skipping update.
[ +385 ms] Skipping pub get: version match.
[+3145 ms] Found plugin permission_handler at C:\Users\USER\AppData\Local\Pub\Cache\hosted\pub.dev\permission_handler-11.4.0\
[  +34 ms] Found plugin permission_handler_windows at C:\Users\USER\AppData\Local\Pub\Cache\hosted\pub.dev\permission_handler_windows-0.2.1\
[ +175 ms] Found plugin permission_handler_html at C:\Users\USER\AppData\Local\Pub\Cache\hosted\pub.dev\permission_handler_html-0.1.3+5\
[ +115 ms] Found plugin permission_handler_apple at C:\Users\USER\AppData\Local\Pub\Cache\hosted\pub.dev\permission_handler_apple-9.4.10\
[  +47 ms] Found plugin permission_handler_android at C:\Users\USER\AppData\Local\Pub\Cache\hosted\pub.dev\permission_handler_android-12.1.0\
[  +60 ms] Found plugin image_picker at C:\Users\USER\AppData\Local\Pub\Cache\hosted\pub.dev\image_picker-1.2.3\
[  +29 ms] Found plugin image_picker_windows at C:\Users\USER\AppData\Local\Pub\Cache\hosted\pub.dev\image_picker_windows-0.2.2\
[ +196 ms] Found plugin file_selector_windows at C:\Users\USER\AppData\Local\Pub\Cache\hosted\pub.dev\file_selector_windows-0.9.3+5\
[  +85 ms] Found plugin image_picker_macos at C:\Users\USER\AppData\Local\Pub\Cache\hosted\pub.dev\image_picker_macos-0.2.2+1\
[  +30 ms] Found plugin file_selector_macos at C:\Users\USER\AppData\Local\Pub\Cache\hosted\pub.dev\file_selector_macos-0.9.5\
[  +28 ms] Found plugin image_picker_linux at C:\Users\USER\AppData\Local\Pub\Cache\hosted\pub.dev\image_picker_linux-0.2.2\
[  +28 ms] Found plugin file_selector_linux at C:\Users\USER\AppData\Local\Pub\Cache\hosted\pub.dev\file_selector_linux-0.9.4\
[  +29 ms] Found plugin image_picker_ios at C:\Users\USER\AppData\Local\Pub\Cache\hosted\pub.dev\image_picker_ios-0.8.13+6\
[  +27 ms] Found plugin image_picker_for_web at C:\Users\USER\AppData\Local\Pub\Cache\hosted\pub.dev\image_picker_for_web-3.1.1\
[  +30 ms] Found plugin image_picker_android at C:\Users\USER\AppData\Local\Pub\Cache\hosted\pub.dev\image_picker_android-0.8.13+19\
[  +39 ms] Found plugin flutter_plugin_android_lifecycle at C:\Users\USER\AppData\Local\Pub\Cache\hosted\pub.dev\flutter_plugin_android_lifecycle-2.0.35\
[  +66 ms] Found plugin path_provider at C:\Users\USER\AppData\Local\Pub\Cache\hosted\pub.dev\path_provider-2.1.6\
[  +26 ms] Found plugin path_provider_windows at C:\Users\USER\AppData\Local\Pub\Cache\hosted\pub.dev\path_provider_windows-2.3.0\
[ +188 ms] Found plugin path_provider_linux at C:\Users\USER\AppData\Local\Pub\Cache\hosted\pub.dev\path_provider_linux-2.2.2\
[  +77 ms] Found plugin path_provider_foundation at C:\Users\USER\AppData\Local\Pub\Cache\hosted\pub.dev\path_provider_foundation-2.6.0\
[ +174 ms] Found plugin path_provider_android at C:\Users\USER\AppData\Local\Pub\Cache\hosted\pub.dev\path_provider_android-2.3.1\
[  +34 ms] Found plugin jni_flutter at C:\Users\USER\AppData\Local\Pub\Cache\hosted\pub.dev\jni_flutter-1.0.1\
[  +31 ms] Found plugin jni at C:\Users\USER\AppData\Local\Pub\Cache\hosted\pub.dev\jni-1.0.0\
[  +27 ms] Found plugin google_mlkit_text_recognition at C:\Users\USER\AppData\Local\Pub\Cache\hosted\pub.dev\google_mlkit_text_recognition-0.16.0\
[  +36 ms] Found plugin google_mlkit_commons at C:\Users\USER\AppData\Local\Pub\Cache\hosted\pub.dev\google_mlkit_commons-0.12.0\
[  +65 ms] Found plugin flutter_local_notifications at C:\Users\USER\AppData\Local\Pub\Cache\hosted\pub.dev\flutter_local_notifications-16.3.3\
[  +90 ms] Found plugin flutter_local_notifications_linux at C:\Users\USER\AppData\Local\Pub\Cache\hosted\pub.dev\flutter_local_notifications_linux-4.0.1\
[ +113 ms] Found plugin device_calendar at C:\Users\USER\AppData\Local\Pub\Cache\hosted\pub.dev\device_calendar-4.3.3\
[ +547 ms] Found plugin permission_handler at C:\Users\USER\AppData\Local\Pub\Cache\hosted\pub.dev\permission_handler-11.4.0\
[   +3 ms] Found plugin permission_handler_windows at C:\Users\USER\AppData\Local\Pub\Cache\hosted\pub.dev\permission_handler_windows-0.2.1\
[  +24 ms] Found plugin permission_handler_html at C:\Users\USER\AppData\Local\Pub\Cache\hosted\pub.dev\permission_handler_html-0.1.3+5\
[  +13 ms] Found plugin permission_handler_apple at C:\Users\USER\AppData\Local\Pub\Cache\hosted\pub.dev\permission_handler_apple-9.4.10\
[   +3 ms] Found plugin permission_handler_android at C:\Users\USER\AppData\Local\Pub\Cache\hosted\pub.dev\permission_handler_android-12.1.0\
[   +5 ms] Found plugin image_picker at C:\Users\USER\AppData\Local\Pub\Cache\hosted\pub.dev\image_picker-1.2.3\
[   +3 ms] Found plugin image_picker_windows at C:\Users\USER\AppData\Local\Pub\Cache\hosted\pub.dev\image_picker_windows-0.2.2\
[  +12 ms] Found plugin file_selector_windows at C:\Users\USER\AppData\Local\Pub\Cache\hosted\pub.dev\file_selector_windows-0.9.3+5\
[  +30 ms] Found plugin image_picker_macos at C:\Users\USER\AppData\Local\Pub\Cache\hosted\pub.dev\image_picker_macos-0.2.2+1\
[  +15 ms] Found plugin file_selector_macos at C:\Users\USER\AppData\Local\Pub\Cache\hosted\pub.dev\file_selector_macos-0.9.5\
[   +3 ms] Found plugin image_picker_linux at C:\Users\USER\AppData\Local\Pub\Cache\hosted\pub.dev\image_picker_linux-0.2.2\
[   +3 ms] Found plugin file_selector_linux at C:\Users\USER\AppData\Local\Pub\Cache\hosted\pub.dev\file_selector_linux-0.9.4\
[   +3 ms] Found plugin image_picker_ios at C:\Users\USER\AppData\Local\Pub\Cache\hosted\pub.dev\image_picker_ios-0.8.13+6\
[   +4 ms] Found plugin image_picker_for_web at C:\Users\USER\AppData\Local\Pub\Cache\hosted\pub.dev\image_picker_for_web-3.1.1\
[   +2 ms] Found plugin image_picker_android at C:\Users\USER\AppData\Local\Pub\Cache\hosted\pub.dev\image_picker_android-0.8.13+19\
[   +3 ms] Found plugin flutter_plugin_android_lifecycle at C:\Users\USER\AppData\Local\Pub\Cache\hosted\pub.dev\flutter_plugin_android_lifecycle-2.0.35\
[   +5 ms] Found plugin path_provider at C:\Users\USER\AppData\Local\Pub\Cache\hosted\pub.dev\path_provider-2.1.6\
[  +15 ms] Found plugin path_provider_windows at C:\Users\USER\AppData\Local\Pub\Cache\hosted\pub.dev\path_provider_windows-2.3.0\
[  +17 ms] Found plugin path_provider_linux at C:\Users\USER\AppData\Local\Pub\Cache\hosted\pub.dev\path_provider_linux-2.2.2\
[   +7 ms] Found plugin path_provider_foundation at C:\Users\USER\AppData\Local\Pub\Cache\hosted\pub.dev\path_provider_foundation-2.6.0\
[  +25 ms] Found plugin path_provider_android at C:\Users\USER\AppData\Local\Pub\Cache\hosted\pub.dev\path_provider_android-2.3.1\
[   +6 ms] Found plugin jni_flutter at C:\Users\USER\AppData\Local\Pub\Cache\hosted\pub.dev\jni_flutter-1.0.1\
[   +4 ms] Found plugin jni at C:\Users\USER\AppData\Local\Pub\Cache\hosted\pub.dev\jni-1.0.0\
[   +3 ms] Found plugin google_mlkit_text_recognition at C:\Users\USER\AppData\Local\Pub\Cache\hosted\pub.dev\google_mlkit_text_recognition-0.16.0\
[   +4 ms] Found plugin google_mlkit_commons at C:\Users\USER\AppData\Local\Pub\Cache\hosted\pub.dev\google_mlkit_commons-0.12.0\
[   +3 ms] Found plugin flutter_local_notifications at C:\Users\USER\AppData\Local\Pub\Cache\hosted\pub.dev\flutter_local_notifications-16.3.3\
[   +5 ms] Found plugin flutter_local_notifications_linux at C:\Users\USER\AppData\Local\Pub\Cache\hosted\pub.dev\flutter_local_notifications_linux-4.0.1\
[  +41 ms] Found plugin device_calendar at C:\Users\USER\AppData\Local\Pub\Cache\hosted\pub.dev\device_calendar-4.3.3\
[  +59 ms] Skipping generating web_plugin_registrant.dart because it is up-to-date.
[ +280 ms] Found plugin permission_handler at C:\Users\USER\AppData\Local\Pub\Cache\hosted\pub.dev\permission_handler-11.4.0\
[   +2 ms] Found plugin permission_handler_windows at C:\Users\USER\AppData\Local\Pub\Cache\hosted\pub.dev\permission_handler_windows-0.2.1\
[  +10 ms] Found plugin permission_handler_html at C:\Users\USER\AppData\Local\Pub\Cache\hosted\pub.dev\permission_handler_html-0.1.3+5\
[   +4 ms] Found plugin permission_handler_apple at C:\Users\USER\AppData\Local\Pub\Cache\hosted\pub.dev\permission_handler_apple-9.4.10\
[   +3 ms] Found plugin permission_handler_android at C:\Users\USER\AppData\Local\Pub\Cache\hosted\pub.dev\permission_handler_android-12.1.0\
[   +6 ms] Found plugin image_picker at C:\Users\USER\AppData\Local\Pub\Cache\hosted\pub.dev\image_picker-1.2.3\
[   +2 ms] Found plugin image_picker_windows at C:\Users\USER\AppData\Local\Pub\Cache\hosted\pub.dev\image_picker_windows-0.2.2\
[  +13 ms] Found plugin file_selector_windows at C:\Users\USER\AppData\Local\Pub\Cache\hosted\pub.dev\file_selector_windows-0.9.3+5\
[   +4 ms] Found plugin image_picker_macos at C:\Users\USER\AppData\Local\Pub\Cache\hosted\pub.dev\image_picker_macos-0.2.2+1\
[   +2 ms] Found plugin file_selector_macos at C:\Users\USER\AppData\Local\Pub\Cache\hosted\pub.dev\file_selector_macos-0.9.5\
[   +2 ms] Found plugin image_picker_linux at C:\Users\USER\AppData\Local\Pub\Cache\hosted\pub.dev\image_picker_linux-0.2.2\
[   +2 ms] Found plugin file_selector_linux at C:\Users\USER\AppData\Local\Pub\Cache\hosted\pub.dev\file_selector_linux-0.9.4\
[   +2 ms] Found plugin image_picker_ios at C:\Users\USER\AppData\Local\Pub\Cache\hosted\pub.dev\image_picker_ios-0.8.13+6\
[   +2 ms] Found plugin image_picker_for_web at C:\Users\USER\AppData\Local\Pub\Cache\hosted\pub.dev\image_picker_for_web-3.1.1\
[   +2 ms] Found plugin image_picker_android at C:\Users\USER\AppData\Local\Pub\Cache\hosted\pub.dev\image_picker_android-0.8.13+19\
[   +6 ms] Found plugin flutter_plugin_android_lifecycle at C:\Users\USER\AppData\Local\Pub\Cache\hosted\pub.dev\flutter_plugin_android_lifecycle-2.0.35\
[  +12 ms] Found plugin path_provider at C:\Users\USER\AppData\Local\Pub\Cache\hosted\pub.dev\path_provider-2.1.6\
[  +10 ms] Found plugin path_provider_windows at C:\Users\USER\AppData\Local\Pub\Cache\hosted\pub.dev\path_provider_windows-2.3.0\
[  +24 ms] Found plugin path_provider_linux at C:\Users\USER\AppData\Local\Pub\Cache\hosted\pub.dev\path_provider_linux-2.2.2\
[   +6 ms] Found plugin path_provider_foundation at C:\Users\USER\AppData\Local\Pub\Cache\hosted\pub.dev\path_provider_foundation-2.6.0\
[ +105 ms] Found plugin path_provider_android at C:\Users\USER\AppData\Local\Pub\Cache\hosted\pub.dev\path_provider_android-2.3.1\
[   +4 ms] Found plugin jni_flutter at C:\Users\USER\AppData\Local\Pub\Cache\hosted\pub.dev\jni_flutter-1.0.1\
[   +3 ms] Found plugin jni at C:\Users\USER\AppData\Local\Pub\Cache\hosted\pub.dev\jni-1.0.0\
[   +4 ms] Found plugin google_mlkit_text_recognition at C:\Users\USER\AppData\Local\Pub\Cache\hosted\pub.dev\google_mlkit_text_recognition-0.16.0\
[   +2 ms] Found plugin google_mlkit_commons at C:\Users\USER\AppData\Local\Pub\Cache\hosted\pub.dev\google_mlkit_commons-0.12.0\
[   +2 ms] Found plugin flutter_local_notifications at C:\Users\USER\AppData\Local\Pub\Cache\hosted\pub.dev\flutter_local_notifications-16.3.3\
[   +6 ms] Found plugin flutter_local_notifications_linux at C:\Users\USER\AppData\Local\Pub\Cache\hosted\pub.dev\flutter_local_notifications_linux-4.0.1\
[  +10 ms] Found plugin device_calendar at C:\Users\USER\AppData\Local\Pub\Cache\hosted\pub.dev\device_calendar-4.3.3\
[ +489 ms] Generating C:\Users\USER\Documents\ScreenSort-LAM\android\app\src\main\java\io\flutter\plugins\GeneratedPluginRegistrant.java
[  +23 ms] Skipping generating GeneratedPluginRegistrant.java because it is up-to-date.
[  +33 ms] Skipping generating generated_plugin_registrant.h because it is up-to-date.
[  +44 ms] Skipping generating generated_plugin_registrant.cc because it is up-to-date.
[  +66 ms] Skipping generating generated_plugins.cmake because it is up-to-date.
[  +32 ms] Skipping generating generated_plugin_registrant.h because it is up-to-date.
[  +23 ms] Skipping generating generated_plugin_registrant.cc because it is up-to-date.
[  +23 ms] Skipping generating generated_plugins.cmake because it is up-to-date.
[  +52 ms] Skipping generating GeneratedPluginRegistrant.h because it is up-to-date.
[  +50 ms] Skipping generating GeneratedPluginRegistrant.m because it is up-to-date.
[  +35 ms] Skipping generating GeneratedPluginRegistrant.swift because it is up-to-date.
[ +597 ms] executing: F:\Program Files\Android\Android Studio\jbr\bin\java -version
[+1067 ms] Exit code 0 from: F:\Program Files\Android\Android Studio\jbr\bin\java -version
[        ] openjdk version "21.0.10" 2026-01-20
           OpenJDK Runtime Environment (build 21.0.10+-14961533-b1163.108)
           OpenJDK 64-Bit Server VM (build 21.0.10+-14961533-b1163.108, mixed mode)
[  +45 ms] Top-level Gradle build file not found, skipping migration of task "clean".
[   +3 ms] executing: F:\Program Files\Android\Android Studio\jbr\bin\java --version
[+1197 ms] Exit code 0 from: F:\Program Files\Android\Android Studio\jbr\bin\java --version
[        ] openjdk 21.0.10 2026-01-20
           OpenJDK Runtime Environment (build 21.0.10+-14961533-b1163.108)
           OpenJDK 64-Bit Server VM (build 21.0.10+-14961533-b1163.108, mixed mode)
[   +2 ms] Version of Java is different than impacted version, no migration attempted.
[   +4 ms] Migrating build.gradle.kts contents
[   +1 ms] Upgrading build.gradle.kts
[   +3 ms] CMake project not found, skipping support Android 15 16k page size migration.
[  +50 ms] Migrating to disable Built-in Kotlin by default.
[        ] Migrating gradle.properties contents
[        ] Upgrading gradle.properties
[  +37 ms] The developer has already configured the new DSL flag, skipping migration.
[  +46 ms] Using gradle from C:\Users\USER\Documents\ScreenSort-LAM\android\gradlew.bat.
[  +77 ms] LocalFile: 'C:\Users\USER\Documents\ScreenSort-LAM\android\build.gradle.kts' doesn't provide an AGP version. Checking settings.
[  +43 ms] LocalFile: 'C:\Users\USER\Documents\ScreenSort-LAM\android\settings.gradle.kts' provides AGP version: 8.7.0
[  +23 ms] Running Gradle task 'assembleRelease'...
[   +2 ms] executing: [C:\Users\USER\Documents\ScreenSort-LAM\android/] C:\Users\USER\Documents\ScreenSort-LAM\android\gradlew.bat --full-stacktrace --info -Pverbose=true -Ptarget-platform=android-arm,android-arm64,android-x64 -Ptarget=lib\main.dart -Pbase-application-name=android.app.Application -Pdart-defines=RkxVVFRFUl9WRVJTSU9OPTMuNDQuNg==,RkxVVFRFUl9DSEFOTkVMPXN0YWJsZQ==,RkxVVFRFUl9HSVRfVVJMPWh0dHBzOi8vZ2l0aHViLmNvbS9mbHV0dGVyL2ZsdXR0ZXIuZ2l0,RkxVVFRFUl9GUkFNRVdPUktfUkVWSVNJT049ZWU4MGYwOGJiZg==,RkxVVFRFUl9FTkdJTkVfUkVWSVNJT049ODM2NzVlZDI3Ng==,RkxVVFRFUl9EQVJUX1ZFUlNJT049My4xMi4y -Pdart-obfuscation=false -Ptrack-widget-creation=true -Ptree-shake-icons=true assembleRelease
[+2970 ms] Downloading https://services.gradle.org/distributions/gradle-8.9-all.zip
[+276971 ms] ..............................................................................................................................................................................................................................................................................................................................................................................................................................................................................................................................................................................................................................................................................................................................................................................................................................................................................................................................................................................................................................................................................................................................................................................................................................................................................................................................................................................................................................................................................................................................................................................................................................................................................................................................................................................................................................................................................................................................................................................................................................................................................................................................................................................................................................................................................................................................................................................................................................................................................................................................................................................................................................................................................................................................................................................................................................................................................................................................................................................................................................................................................................................................................................................................................................................................................................................................................................................................................................................................................................................................................................................................................................................................................................................................................................................................................................................................................................................................................................................................................................................................................................................................................................................................................................................................................................................................................................................................................................................................................................................................................................................................................................................................................................................................................................................................................................................................................................................................................................................................................................................................................................................................................................................................................................................................................................................................................................................................................................................................................................................................................................................................................................................................................................................................................................................................................................................................................................................................................................................................................................................................................................................................................................................................................................................................................................................................................................................................................................................................................................................................................................................................................................................................................................................................................................................................................................................................................................................................................................................................................................................................................................................................................................................................................................................................................................................................................................................................................................................................................................................................................................................................................................................................................................................................................................................................................................................................................................................................................................................................................................................................................................................................................................................................................................................................................................................................................................................................................................................................................................................................................
